Header: 1
Inner Data: *Hello
Footer: 2
Tail: World
Nested Value: 42
Nested Text: Hello
Level 3 Header: 30
Level 3 Tail: L3
Level 2 Header: 20
Level 2 Tail: L2
Level 1 Header: 10
Level 1 Data: L1
Size: 5
Flags: <<1, 0, 1, 0, 1, 0, 0, 1>>
Data: Data
Flag 1: 1
Flag 2: 0
Flag 3: 1
Flag 4: 0
Flag 5: 1
Flag 6: 0
Flag 7: 0
Flag 8: 1